// Jest Snapshot v1, https://goo.gl/fbAQLP

exports[`Confirm component Tests should render correctly 1`] = `ShallowWrapper {}`;
